   >> globalify() invoked
   >> __pando__replace_load_int64() invoked
   >> check_if_global() invoked
   >> deglobalify() invoked
   >> globalify() invoked
   >> deglobalify() invoked
hello is == 5.
